// Vitest Snapshot v1, https://vitest.dev/guide/snapshot.html

exports[`ScenarioPreview > matches snapshot 1`] = `
<DocumentFragment>
  <div
    class="MuiBox-root css-1s0ioqa"
    data-testid="scenario-preview-wrapper"
  >
    <div
      class="MuiBox-root css-1r99qxv"
    >
      <div
        class="MuiStack-root css-1vkv85v-MuiStack-root"
      >
        <img
          alt="scenario-image"
          src="https://picsum.photos/id/101/400/200"
          style="height: 44px; margin-bottom: auto; margin-top: auto; object-fit: contain; width: 78px;"
        />
        <div
          class="MuiStack-root css-6lanpv-MuiStack-root"
        >
          <div
            class="MuiStack-root css-zpgd58-MuiStack-root"
          >
            <div
              class="MuiBox-root css-0"
            />
            <p
              class="MuiTypography-root MuiTypography-body1 MuiBox-root css-1gcgdf8-MuiTypography-root"
              data-mui-internal-clone-element="true"
            >
              <a
                class="MuiTypography-root MuiTypography-subtitle2 MuiLink-root MuiLink-underlineHover css-1atbtaw-MuiTypography-root-MuiLink-root"
                data-testid="scenario-preview-name"
                href="https://example.com"
                target="_blank"
              >
                718-2024-CaymanS
              </a>
            </p>
          </div>
          <div
            class="MuiStack-root css-m69qwo-MuiStack-root"
          >
            <span
              class="MuiBox-root css-12d10d6"
              data-mui-internal-clone-element="true"
            >
              <span
                class="MuiTypography-root MuiTypography-caption css-x3aacn-MuiTypography-root"
                data-testid="scenario-preview-description"
              >
                Small Description
              </span>
            </span>
          </div>
        </div>
      </div>
    </div>
    <div
      class="MuiBox-root css-1r99qxv"
    >
      <div
        class="MuiStack-root css-1grjenu-MuiStack-root"
      >
        <div
          class="MuiBox-root css-1afnuq6"
          data-testid="format-label"
        >
          <div
            class="MuiStack-root css-98m5zp-MuiStack-root"
            data-testid="icon-with-label"
          >
            <div
              class="MuiBox-root css-k008qs"
            >
              <svg
                aria-hidden="true"
                class="MuiSvgIcon-root MuiSvgIcon-fontSizeMedium css-18r7n60-MuiSvgIcon-root"
                data-testid="default-format-icon"
                focusable="false"
                viewBox="0 0 24 24"
              >
                <path
                  d="M20 4H4c-1.11 0-2 .9-2 2v12c0 1.1.89 2 2 2h16c1.1 0 2-.9 2-2V6c0-1.1-.89-2-2-2m0 14H4V8h16zm-2-1h-6v-2h6zM7.5 17l-1.41-1.41L8.67 13l-2.59-2.59L7.5 9l4 4z"
                />
              </svg>
            </div>
            <div
              class="MuiBox-root css-31l7gp"
            >
              <p
                class="MuiTypography-root MuiTypography-caption MuiTypography-noWrap css-1m86euf-MuiTypography-root"
              >
                AnyRandom Format
              </p>
            </div>
          </div>
        </div>
        <div
          class="MuiBox-root css-1c8o7mf"
          data-testid="format-version-label"
        >
          <div
            class="MuiStack-root css-98m5zp-MuiStack-root"
            data-testid="icon-with-label"
          >
            <div
              class="MuiBox-root css-k008qs"
            >
              <svg
                aria-hidden="true"
                class="MuiSvgIcon-root MuiSvgIcon-fontSizeMedium css-18r7n60-MuiSvgIcon-root"
                data-testid="format-version-icon"
                focusable="false"
                viewBox="0 0 24 24"
              >
                <path
                  d="m20.5 10 .5-2h-4l1-4h-2l-1 4h-4l1-4h-2L9 8H5l-.5 2h4l-1 4h-4L3 16h4l-1 4h2l1-4h4l-1 4h2l1-4h4l.5-2h-4l1-4zm-7 4h-4l1-4h4z"
                />
              </svg>
            </div>
            <div
              class="MuiBox-root css-31l7gp"
            >
              <p
                class="MuiTypography-root MuiTypography-caption MuiTypography-noWrap css-1m86euf-MuiTypography-root"
              >
                1.0
              </p>
            </div>
          </div>
        </div>
        <div
          class="MuiBox-root css-1afnuq6"
          data-testid="file-label"
        >
          <div
            class="MuiStack-root css-98m5zp-MuiStack-root"
            data-testid="icon-with-label"
          >
            <div
              class="MuiBox-root css-k008qs"
            >
              <svg
                aria-hidden="true"
                class="MuiSvgIcon-root MuiSvgIcon-fontSizeMedium css-18r7n60-MuiSvgIcon-root"
                data-testid="file-icon"
                focusable="false"
                viewBox="0 0 24 24"
              >
                <path
                  d="M16.5 6v11.5c0 2.21-1.79 4-4 4s-4-1.79-4-4V5c0-1.38 1.12-2.5 2.5-2.5s2.5 1.12 2.5 2.5v10.5c0 .55-.45 1-1 1s-1-.45-1-1V6H10v9.5c0 1.38 1.12 2.5 2.5 2.5s2.5-1.12 2.5-2.5V5c0-2.21-1.79-4-4-4S7 2.79 7 5v12.5c0 3.04 2.46 5.5 5.5 5.5s5.5-2.46 5.5-5.5V6z"
                />
              </svg>
            </div>
            <div
              class="MuiBox-root css-31l7gp"
            >
              <p
                class="MuiTypography-root MuiTypography-caption MuiTypography-noWrap css-1m86euf-MuiTypography-root"
              >
                TestScenarioFile.scn
              </p>
            </div>
          </div>
        </div>
      </div>
    </div>
    <hr
      class="MuiDivider-root MuiDivider-fullWidth css-9mgopn-MuiDivider-root"
    />
    <div
      class="MuiBox-root css-yd8sa2"
    >
      <div
        class="MuiStack-root css-jy6k46-MuiStack-root"
      >
        <div
          class="MuiBox-root css-1afnuq6"
          data-testid="date-label"
        >
          <div
            class="MuiStack-root css-98m5zp-MuiStack-root"
            data-testid="icon-with-label"
          >
            <div
              class="MuiBox-root css-k008qs"
            >
              <svg
                aria-hidden="true"
                class="MuiSvgIcon-root MuiSvgIcon-fontSizeMedium css-18r7n60-MuiSvgIcon-root"
                data-testid="date-icon"
                focusable="false"
                viewBox="0 0 24 24"
              >
                <path
                  d="M9 11H7v2h2zm4 0h-2v2h2zm4 0h-2v2h2zm2-7h-1V2h-2v2H8V2H6v2H5c-1.11 0-1.99.9-1.99 2L3 20c0 1.1.89 2 2 2h14c1.1 0 2-.9 2-2V6c0-1.1-.9-2-2-2m0 16H5V9h14z"
                />
              </svg>
            </div>
            <div
              class="MuiBox-root css-31l7gp"
            >
              <p
                class="MuiTypography-root MuiTypography-caption MuiTypography-noWrap css-1m86euf-MuiTypography-root"
              >
                2024-11-13 08:24:08
              </p>
            </div>
          </div>
        </div>
        <div
          class="MuiBox-root css-7wsi7o"
          data-testid="user-label"
        >
          <div
            class="MuiStack-root css-98m5zp-MuiStack-root"
            data-testid="icon-with-label"
          >
            <div
              class="MuiBox-root css-k008qs"
            >
              <div
                sx="[object Object]"
              >
                <div
                  class="MuiAvatar-root MuiAvatar-circular MuiAvatar-colorDefault css-r7cbk0-MuiAvatar-root"
                  data-testid="user-avatar"
                >
                  JH
                </div>
              </div>
            </div>
            <div
              class="MuiBox-root css-31l7gp"
            >
              <p
                class="MuiTypography-root MuiTypography-caption MuiTypography-noWrap css-1m86euf-MuiTypography-root"
              >
                James Harper
              </p>
            </div>
          </div>
        </div>
      </div>
    </div>
  </div>
</DocumentFragment>
`;
